Feb 10 00:30:00 lofie newsyslog[66792]: logfile turned over
Feb 10 00:29:58 lofie com.apple.usbmuxd[57835]: HandleDeviceAttachHelperCallback preflighting failed for WiFi device 0xb8-10.0.1.5:0: 0xe800006b. Ignoring device.
Feb 10 00:30:17 lofie com.apple.usbmuxd[57835]: _SendDetachNotification (thread 0x7fff7088fcc0): sending detach for device 60:fa:cd:6b:48:28@fe80::62fa:cdff:fe6b:4828._apple-mobdev._tcp.local.: _BrowseReplyReceivedCallback got bonjour removal.
Feb 10 00:30:31 lofie com.apple.usbmuxd[57835]: _SendAttachNotification (thread 0x7fff7088fcc0): sending attach for device 60:fa:cd:6b:48:28@fe80::62fa:cdff:fe6b:4828._apple-mobdev._tcp.local.: _GetAddrInfoReplyReceivedCallback matched.
Feb 10 00:30:31 lofie com.apple.usbmuxd[57835]: MuxNetworkInitiateConnect Client 0x1024d5020-usbmuxd/NULL requesting attach to ae49feaeec383221a3669aa2ef40635b9f9866c1:62078 failed, could not begin background connection attempt: -1
Feb 10 00:30:31 lofie com.apple.usbmuxd[57835]: HandleUSBMuxConnect Client 0x1024d5020-usbmuxd/NULL MuxNetworkInitiateConnect failed
Feb 10 00:30:31 lofie usbmuxd[57835]: AMDeviceConnect (thread 0x100598000): Could not connect to lockdown port (62078) on device 185 - ae49feaeec383221a3669aa2ef40635b9f9866c1: 0xe800006b.
Feb 10 00:30:31 lofie usbmuxd[57835]: _AMDevicePreflightWorker (thread 0x100598000): Pair worker could not connect to lockdownd on device 185: 0xe800006b.
Feb 10 00:30:31 lofie com.apple.usbmuxd[57835]: HandleDeviceAttachHelperCallback preflighting failed for WiFi device 0xb9-10.0.1.5:0: 0xe800006b. Ignoring device.
Feb 10 00:30:50 lofie com.apple.usbmuxd[57835]: _SendDetachNotification (thread 0x7fff7088fcc0): sending detach for device 60:fa:cd:6b:48:28@fe80::62fa:cdff:fe6b:4828._apple-mobdev._tcp.local.: _BrowseReplyReceivedCallback got bonjour removal.
Feb 10 00:31:02 lofie com.apple.usbmuxd[57835]: _SendAttachNotification (thread 0x7fff7088fcc0): sending attach for device 60:fa:cd:6b:48:28@fe80::62fa:cdff:fe6b:4828._apple-mobdev._tcp.local.: _GetAddrInfoReplyReceivedCallback matched.
Feb 10 00:31:02 lofie com.apple.usbmuxd[57835]: MuxNetworkInitiateConnect Client 0x1003b8f80-usbmuxd/NULL requesting attach to ae49feaeec383221a3669aa2ef40635b9f9866c1:62078 failed, could not begin background connection attempt: -1
Feb 10 00:31:02 lofie com.apple.usbmuxd[57835]: HandleUSBMuxConnect Client 0x1003b8f80-usbmuxd/NULL MuxNetworkInitiateConnect failed
Feb 10 00:31:02 lofie usbmuxd[57835]: AMDeviceConnect (thread 0x100598000): Could not connect to lockdown port (62078) on device 186 - ae49feaeec383221a3669aa2ef40635b9f9866c1: 0xe800006b.
Feb 10 00:31:02 lofie usbmuxd[57835]: _AMDevicePreflightWorker (thread 0x100598000): Pair worker could not connect to lockdownd on device 186: 0xe800006b.
Feb 10 00:31:02 lofie com.apple.usbmuxd[57835]: HandleDeviceAttachHelperCallback preflighting failed for WiFi device 0xba-10.0.1.5:0: 0xe800006b. Ignoring device.
Feb 10 00:31:21 lofie com.apple.usbmuxd[57835]: _SendDetachNotification (thread 0x7fff7088fcc0): sending detach for device 60:fa:cd:6b:48:28@fe80::62fa:cdff:fe6b:4828._apple-mobdev._tcp.local.: _BrowseReplyReceivedCallback got bonjour removal.
Feb 10 00:31:34 lofie com.apple.usbmuxd[57835]: _SendAttachNotification (thread 0x7fff7088fcc0): sending attach for device 60:fa:cd:6b:48:28@fe80::62fa:cdff:fe6b:4828._apple-mobdev._tcp.local.: _GetAddrInfoReplyReceivedCallback matched.
Feb 10 00:31:34 lofie com.apple.usbmuxd[57835]: MuxNetworkInitiateConnect Client 0x1003cc640-usbmuxd/NULL requesting attach to ae49feaeec383221a3669aa2ef40635b9f9866c1:62078 failed, could not begin background connection attempt: -1
Feb 10 00:31:34 lofie com.apple.usbmuxd[57835]: HandleUSBMuxConnect Client 0x1003cc640-usbmuxd/NULL MuxNetworkInitiateConnect failed
Feb 10 00:31:34 lofie usbmuxd[57835]: AMDeviceConnect (thread 0x100598000): Could not connect to lockdown port (62078) on device 187 - ae49feaeec383221a3669aa2ef40635b9f9866c1: 0xe800006b.
Feb 10 00:31:34 lofie usbmuxd[57835]: _AMDevicePreflightWorker (thread 0x100598000): Pair worker could not connect to lockdownd on device 187: 0xe800006b.
Feb 10 00:31:34 lofie com.apple.usbmuxd[57835]: HandleDeviceAttachHelperCallback preflighting failed for WiFi device 0xbb-10.0.1.5:0: 0xe800006b. Ignoring device.
Feb 10 00:31:53 lofie com.apple.usbmuxd[57835]: _SendDetachNotification (thread 0x7fff7088fcc0): sending detach for device 60:fa:cd:6b:48:28@fe80::62fa:cdff:fe6b:4828._apple-mobdev._tcp.local.: _BrowseReplyReceivedCallback got bonjour removal.
Feb 10 00:32:06 lofie com.apple.usbmuxd[57835]: _SendAttachNotification (thread 0x7fff7088fcc0): sending attach for device 60:fa:cd:6b:48:28@fe80::62fa:cdff:fe6b:4828._apple-mobdev._tcp.local.: _GetAddrInfoReplyReceivedCallback matched.
Feb 10 00:32:06 lofie com.apple.usbmuxd[57835]: MuxNetworkInitiateConnect Client 0x1024c7e70-usbmuxd/NULL requesting attach to ae49feaeec383221a3669aa2ef40635b9f9866c1:62078 failed, could not begin background connection attempt: -1
Feb 10 00:32:06 lofie com.apple.usbmuxd[57835]: HandleUSBMuxConnect Client 0x1024c7e70-usbmuxd/NULL MuxNetworkInitiateConnect failed
Feb 10 00:32:06 lofie usbmuxd[57835]: AMDeviceConnect (thread 0x100598000): Could not connect to lockdown port (62078) on device 188 - ae49feaeec383221a3669aa2ef40635b9f9866c1: 0xe800006b.
Feb 10 00:32:06 lofie usbmuxd[57835]: _AMDevicePreflightWorker (thread 0x100598000): Pair worker could not connect to lockdownd on device 188: 0xe800006b.
Feb 10 00:32:06 lofie com.apple.usbmuxd[57835]: HandleDeviceAttachHelperCallback preflighting failed for WiFi device 0xbc-10.0.1.5:0: 0xe800006b. Ignoring device.
Feb 10 00:32:25 lofie com.apple.usbmuxd[57835]: _SendDetachNotification (thread 0x7fff7088fcc0): sending detach for device 60:fa:cd:6b:48:28@fe80::62fa:cdff:fe6b:4828._apple-mobdev._tcp.local.: _BrowseReplyReceivedCallback got bonjour removal.
Feb 10 00:32:39 lofie com.apple.usbmuxd[57835]: _SendAttachNotification (thread 0x7fff7088fcc0): sending attach for device 60:fa:cd:6b:48:28@fe80::62fa:cdff:fe6b:4828._apple-mobdev._tcp.local.: _GetAddrInfoReplyReceivedCallback matched.
Feb 10 00:32:39 lofie com.apple.usbmuxd[57835]: MuxNetworkInitiateConnect Client 0x1003b8f80-usbmuxd/NULL requesting attach to ae49feaeec383221a3669aa2ef40635b9f9866c1:62078 failed, could not begin background connection attempt: -1
Feb 10 00:32:39 lofie com.apple.usbmuxd[57835]: HandleUSBMuxConnect Client 0x1003b8f80-usbmuxd/NULL MuxNetworkInitiateConnect failed
Feb 10 00:32:39 lofie usbmuxd[57835]: AMDeviceConnect (thread 0x100598000): Could not connect to lockdown port (62078) on device 189 - ae49feaeec383221a3669aa2ef40635b9f9866c1: 0xe800006b.
Feb 10 00:32:39 lofie usbmuxd[57835]: _AMDevicePreflightWorker (thread 0x100598000): Pair worker could not connect to lockdownd on device 189: 0xe800006b.
Feb 10 00:32:39 lofie com.apple.usbmuxd[57835]: HandleDeviceAttachHelperCallback preflighting failed for WiFi device 0xbd-10.0.1.5:0: 0xe800006b. Ignoring device.
Feb 10 00:32:58 lofie com.apple.usbmuxd[57835]: _SendDetachNotification (thread 0x7fff7088fcc0): sending detach for device 60:fa:cd:6b:48:28@fe80::62fa:cdff:fe6b:4828._apple-mobdev._tcp.local.: _BrowseReplyReceivedCallback got bonjour removal.
Feb 10 00:33:10 lofie com.apple.usbmuxd[57835]: _SendAttachNotification (thread 0x7fff7088fcc0): sending attach for device 60:fa:cd:6b:48:28@fe80::62fa:cdff:fe6b:4828._apple-mobdev._tcp.local.: _GetAddrInfoReplyReceivedCallback matched.
Feb 10 00:33:10 lofie com.apple.usbmuxd[57835]: MuxNetworkInitiateConnect Client 0x1003b8f80-usbmuxd/NULL requesting attach to ae49feaeec383221a3669aa2ef40635b9f9866c1:62078 failed, could not begin background connection attempt: -1
Feb 10 00:33:10 lofie com.apple.usbmuxd[57835]: HandleUSBMuxConnect Client 0x1003b8f80-usbmuxd/NULL MuxNetworkInitiateConnect failed
Feb 10 00:33:10 lofie usbmuxd[57835]: AMDeviceConnect (thread 0x100598000): Could not connect to lockdown port (62078) on device 190 - ae49feaeec383221a3669aa2ef40635b9f9866c1: 0xe800006b.
Feb 10 00:33:10 lofie usbmuxd[57835]: _AMDevicePreflightWorker (thread 0x100598000): Pair worker could not connect to lockdownd on device 190: 0xe800006b.
Feb 10 00:33:10 lofie com.apple.usbmuxd[57835]: HandleDeviceAttachHelperCallback preflighting failed for WiFi device 0xbe-10.0.1.5:0: 0xe800006b. Ignoring device.
Feb 10 00:33:10 lofie mDNSResponder[33]: mDNSPlatformSendUDP sendto(8) failed to send packet on InterfaceID 0000000000000006   en1/4 to 224.0.0.251:5353 skt 8 error -1 errno 13 (Permission denied) 7867055642762022767
Feb 10 00:33:29 lofie com.apple.usbmuxd[57835]: _SendDetachNotification (thread 0x7fff7088fcc0): sending detach for device 60:fa:cd:6b:48:28@fe80::62fa:cdff:fe6b:4828._apple-mobdev._tcp.local.: _BrowseReplyReceivedCallback got bonjour removal.
Feb 10 00:33:43 lofie com.apple.usbmuxd[57835]: _SendAttachNotification (thread 0x7fff7088fcc0): sending attach for device 60:fa:cd:6b:48:28@fe80::62fa:cdff:fe6b:4828._apple-mobdev._tcp.local.: _GetAddrInfoReplyReceivedCallback matched.
Feb 10 00:33:43 lofie com.apple.usbmuxd[57835]: MuxNetworkInitiateConnect Client 0x1003b8f80-usbmuxd/NULL requesting attach to ae49feaeec383221a3669aa2ef40635b9f9866c1:62078 failed, could not begin background connection attempt: -1
Feb 10 00:33:43 lofie com.apple.usbmuxd[57835]: HandleUSBMuxConnect Client 0x1003b8f80-usbmuxd/NULL MuxNetworkInitiateConnect failed
Feb 10 00:33:43 lofie usbmuxd[57835]: AMDeviceConnect (thread 0x100598000): Could not connect to lockdown port (62078) on device 191 - ae49feaeec383221a3669aa2ef40635b9f9866c1: 0xe800006b.
Feb 10 00:33:43 lofie usbmuxd[57835]: _AMDevicePreflightWorker (thread 0x100598000): Pair worker could not connect to lockdownd on device 191: 0xe800006b.
Feb 10 00:33:43 lofie com.apple.usbmuxd[57835]: HandleDeviceAttachHelperCallback preflighting failed for WiFi device 0xbf-10.0.1.5:0: 0xe800006b. Ignoring device.
Feb 10 00:34:02 lofie com.apple.usbmuxd[57835]: _SendDetachNotification (thread 0x7fff7088fcc0): sending detach for device 60:fa:cd:6b:48:28@fe80::62fa:cdff:fe6b:4828._apple-mobdev._tcp.local.: _BrowseReplyReceivedCallback got bonjour removal.
Feb 10 00:34:11 lofie com.apple.backupd-auto[66810]: Not starting scheduled Time Machine backup - time machine destination not resolvable.
Feb 10 00:34:15 lofie com.apple.usbmuxd[57835]: _SendAttachNotification (thread 0x7fff7088fcc0): sending attach for device 60:fa:cd:6b:48:28@fe80::62fa:cdff:fe6b:4828._apple-mobdev._tcp.local.: _GetAddrInfoReplyReceivedCallback matched.
Feb 10 00:34:15 lofie com.apple.usbmuxd[57835]: MuxNetworkInitiateConnect Client 0x1024d5020-usbmuxd/NULL requesting attach to ae49feaeec383221a3669aa2ef40635b9f9866c1:62078 failed, could not begin background connection attempt: -1
Feb 10 00:34:15 lofie com.apple.usbmuxd[57835]: HandleUSBMuxConnect Client 0x1024d5020-usbmuxd/NULL MuxNetworkInitiateConnect failed
Feb 10 00:34:15 lofie usbmuxd[57835]: AMDeviceConnect (thread 0x100598000): Could not connect to lockdown port (62078) on device 192 - ae49feaeec383221a3669aa2ef40635b9f9866c1: 0xe800006b.
Feb 10 00:34:15 lofie usbmuxd[57835]: _AMDevicePreflightWorker (thread 0x100598000): Pair worker could not connect to lockdownd on device 192: 0xe800006b.
Feb 10 00:34:15 lofie com.apple.usbmuxd[57835]: HandleDeviceAttachHelperCallback preflighting failed for WiFi device 0xc0-10.0.1.5:0: 0xe800006b. Ignoring device.
Feb 10 00:34:20 lofie com.apple.usbmuxd[57835]: _SendDetachNotification (thread 0x7fff7088fcc0): sending detach for device 60:fa:cd:6b:48:28@fe80::62fa:cdff:fe6b:4828._apple-mobdev._tcp.local.: _BrowseReplyReceivedCallback got bonjour removal.
Feb 10 00:34:28 lofie com.apple.usbmuxd[57835]: _SendAttachNotification (thread 0x7fff7088fcc0): sending attach for device 60:fa:cd:6b:48:28@fe80::62fa:cdff:fe6b:4828._apple-mobdev._tcp.local.: _GetAddrInfoReplyReceivedCallback matched.
Feb 10 00:34:28 lofie com.apple.usbmuxd[57835]: MuxNetworkInitiateConnect Client 0x1024c7e70-usbmuxd/NULL requesting attach to ae49feaeec383221a3669aa2ef40635b9f9866c1:62078 failed, could not begin background connection attempt: -1
Feb 10 00:34:28 lofie com.apple.usbmuxd[57835]: HandleUSBMuxConnect Client 0x1024c7e70-usbmuxd/NULL MuxNetworkInitiateConnect failed
Feb 10 00:34:28 lofie usbmuxd[57835]: AMDeviceConnect (thread 0x100598000): Could not connect to lockdown port (62078) on device 193 - ae49feaeec383221a3669aa2ef40635b9f9866c1: 0xe800006b.
Feb 10 00:34:28 lofie usbmuxd[57835]: _AMDevicePreflightWorker (thread 0x100598000): Pair worker could not connect to lockdownd on device 193: 0xe800006b.
Feb 10 00:34:28 lofie com.apple.usbmuxd[57835]: HandleDeviceAttachHelperCallback preflighting failed for WiFi device 0xc1-10.0.1.5:0: 0xe800006b. Ignoring device.
Feb 10 00:34:43 lofie com.apple.usbmuxd[57835]: _SendDetachNotification (thread 0x7fff7088fcc0): sending detach for device 60:fa:cd:6b:48:28@fe80::62fa:cdff:fe6b:4828._apple-mobdev._tcp.local.: _BrowseReplyReceivedCallback got bonjour removal.
Feb 10 00:34:50 lofie com.apple.usbmuxd[57835]: _SendAttachNotification (thread 0x7fff7088fcc0): sending attach for device 60:fa:cd:6b:48:28@fe80::62fa:cdff:fe6b:4828._apple-mobdev._tcp.local.: _GetAddrInfoReplyReceivedCallback matched.
Feb 10 00:34:50 lofie com.apple.usbmuxd[57835]: MuxNetworkInitiateConnect Client 0x1003cc640-usbmuxd/NULL requesting attach to ae49feaeec383221a3669aa2ef40635b9f9866c1:62078 failed, could not begin background connection attempt: -1
Feb 10 00:34:50 lofie com.apple.usbmuxd[57835]: HandleUSBMuxConnect Client 0x1003cc640-usbmuxd/NULL MuxNetworkInitiateConnect failed
Feb 10 00:34:50 lofie usbmuxd[57835]: AMDeviceConnect (thread 0x100598000): Could not connect to lockdown port (62078) on device 194 - ae49feaeec383221a3669aa2ef40635b9f9866c1: 0xe800006b.
Feb 10 00:34:50 lofie usbmuxd[57835]: _AMDevicePreflightWorker (thread 0x100598000): Pair worker could not connect to lockdownd on device 194: 0xe800006b.
Feb 10 00:34:50 lofie com.apple.usbmuxd[57835]: HandleDeviceAttachHelperCallback preflighting failed for WiFi device 0xc2-10.0.1.5:0: 0xe800006b. Ignoring device.
Feb 10 00:35:09 lofie com.apple.usbmuxd[57835]: _SendDetachNotification (thread 0x7fff7088fcc0): sending detach for device 60:fa:cd:6b:48:28@fe80::62fa:cdff:fe6b:4828._apple-mobdev._tcp.local.: _BrowseReplyReceivedCallback got bonjour removal.
Feb 10 00:35:15 lofie com.apple.usbmuxd[57835]: _SendAttachNotification (thread 0x7fff7088fcc0): sending attach for device 60:fa:cd:6b:48:28@fe80::62fa:cdff:fe6b:4828._apple-mobdev._tcp.local.: _GetAddrInfoReplyReceivedCallback matched.
Feb 10 00:35:15 lofie com.apple.usbmuxd[57835]: MuxNetworkInitiateConnect Client 0x1003b8f80-usbmuxd/NULL requesting attach to ae49feaeec383221a3669aa2ef40635b9f9866c1:62078 failed, could not begin background connection attempt: -1
Feb 10 00:35:15 lofie com.apple.usbmuxd[57835]: HandleUSBMuxConnect Client 0x1003b8f80-usbmuxd/NULL MuxNetworkInitiateConnect failed
Feb 10 00:35:15 lofie usbmuxd[57835]: AMDeviceConnect (thread 0x100598000): Could not connect to lockdown port (62078) on device 195 - ae49feaeec383221a3669aa2ef40635b9f9866c1: 0xe800006b.
Feb 10 00:35:15 lofie usbmuxd[57835]: _AMDevicePreflightWorker (thread 0x100598000): Pair worker could not connect to lockdownd on device 195: 0xe800006b.
Feb 10 00:35:15 lofie com.apple.usbmuxd[57835]: HandleDeviceAttachHelperCallback preflighting failed for WiFi device 0xc3-10.0.1.5:0: 0xe800006b. Ignoring device.
Feb 10 00:35:35 lofie com.apple.usbmuxd[57835]: _SendDetachNotification (thread 0x7fff7088fcc0): sending detach for device 60:fa:cd:6b:48:28@fe80::62fa:cdff:fe6b:4828._apple-mobdev._tcp.local.: _BrowseReplyReceivedCallback got bonjour removal.
Feb 10 00:35:48 lofie com.apple.usbmuxd[57835]: _SendAttachNotification (thread 0x7fff7088fcc0): sending attach for device 60:fa:cd:6b:48:28@fe80::62fa:cdff:fe6b:4828._apple-mobdev._tcp.local.: _GetAddrInfoReplyReceivedCallback matched.
Feb 10 00:35:48 lofie com.apple.usbmuxd[57835]: MuxNetworkInitiateConnect Client 0x1003b8f80-usbmuxd/NULL requesting attach to ae49feaeec383221a3669aa2ef40635b9f9866c1:62078 failed, could not begin background connection attempt: -1
Feb 10 00:35:48 lofie com.apple.usbmuxd[57835]: HandleUSBMuxConnect Client 0x1003b8f80-usbmuxd/NULL MuxNetworkInitiateConnect failed
Feb 10 00:35:48 lofie usbmuxd[57835]: AMDeviceConnect (thread 0x100598000): Could not connect to lockdown port (62078) on device 196 - ae49feaeec383221a3669aa2ef40635b9f9866c1: 0xe800006b.
Feb 10 00:35:48 lofie usbmuxd[57835]: _AMDevicePreflightWorker (thread 0x100598000): Pair worker could not connect to lockdownd on device 196: 0xe800006b.
Feb 10 00:35:48 lofie com.apple.usbmuxd[57835]: HandleDeviceAttachHelperCallback preflighting failed for WiFi device 0xc4-10.0.1.5:0: 0xe800006b. Ignoring device.
Feb 10 00:36:07 lofie com.apple.usbmuxd[57835]: _SendDetachNotification (thread 0x7fff7088fcc0): sending detach for device 60:fa:cd:6b:48:28@fe80::62fa:cdff:fe6b:4828._apple-mobdev._tcp.local.: _BrowseReplyReceivedCallback got bonjour removal.
Feb 10 00:36:21 lofie com.apple.usbmuxd[57835]: _SendAttachNotification (thread 0x7fff7088fcc0): sending attach for device 60:fa:cd:6b:48:28@fe80::62fa:cdff:fe6b:4828._apple-mobdev._tcp.local.: _GetAddrInfoReplyReceivedCallback matched.
Feb 10 00:36:21 lofie com.apple.usbmuxd[57835]: MuxNetworkInitiateConnect Client 0x1003b8f80-usbmuxd/NULL requesting attach to ae49feaeec383221a3669aa2ef40635b9f9866c1:62078 failed, could not begin background connection attempt: -1
Feb 10 00:36:21 lofie com.apple.usbmuxd[57835]: HandleUSBMuxConnect Client 0x1003b8f80-usbmuxd/NULL MuxNetworkInitiateConnect failed
Feb 10 00:36:21 lofie usbmuxd[57835]: AMDeviceConnect (thread 0x100598000): Could not connect to lockdown port (62078) on device 197 - ae49feaeec383221a3669aa2ef40635b9f9866c1: 0xe800006b.
Feb 10 00:36:21 lofie usbmuxd[57835]: _AMDevicePreflightWorker (thread 0x100598000): Pair worker could not connect to lockdownd on device 197: 0xe800006b.
Feb 10 00:36:21 lofie com.apple.usbmuxd[57835]: HandleDeviceAttachHelperCallback preflighting failed for WiFi device 0xc5-10.0.1.5:0: 0xe800006b. Ignoring device.
Feb 10 00:36:36 lofie com.apple.usbmuxd[57835]: _SendDetachNotification (thread 0x7fff7088fcc0): sending detach for device 60:fa:cd:6b:48:28@fe80::62fa:cdff:fe6b:4828._apple-mobdev._tcp.local.: _BrowseReplyReceivedCallback got bonjour removal.
Feb 10 00:36:44 lofie com.apple.usbmuxd[57835]: _SendAttachNotification (thread 0x7fff7088fcc0): sending attach for device 60:fa:cd:6b:48:28@fe80::62fa:cdff:fe6b:4828._apple-mobdev._tcp.local.: _GetAddrInfoReplyReceivedCallback matched.
Feb 10 00:36:44 lofie com.apple.usbmuxd[57835]: MuxNetworkInitiateConnect Client 0x1003cc640-usbmuxd/NULL requesting attach to ae49feaeec383221a3669aa2ef40635b9f9866c1:62078 failed, could not begin background connection attempt: -1
Feb 10 00:36:44 lofie com.apple.usbmuxd[57835]: HandleUSBMuxConnect Client 0x1003cc640-usbmuxd/NULL MuxNetworkInitiateConnect failed
Feb 10 00:36:44 lofie usbmuxd[57835]: AMDeviceConnect (thread 0x100598000): Could not connect to lockdown port (62078) on device 198 - ae49feaeec383221a3669aa2ef40635b9f9866c1: 0xe800006b.
Feb 10 00:36:44 lofie usbmuxd[57835]: _AMDevicePreflightWorker (thread 0x100598000): Pair worker could not connect to lockdownd on device 198: 0xe800006b.
Feb 10 00:36:44 lofie com.apple.usbmuxd[57835]: HandleDeviceAttachHelperCallback preflighting failed for WiFi device 0xc6-10.0.1.5:0: 0xe800006b. Ignoring device.
Feb 10 00:37:03 lofie com.apple.usbmuxd[57835]: _SendDetachNotification (thread 0x7fff7088fcc0): sending detach for device 60:fa:cd:6b:48:28@fe80::62fa:cdff:fe6b:4828._apple-mobdev._tcp.local.: _BrowseReplyReceivedCallback got bonjour removal.
Feb 10 00:37:10 lofie com.apple.usbmuxd[57835]: _SendAttachNotification (thread 0x7fff7088fcc0): sending attach for device 60:fa:cd:6b:48:28@fe80::62fa:cdff:fe6b:4828._apple-mobdev._tcp.local.: _GetAddrInfoReplyReceivedCallback matched.
Feb 10 00:37:10 lofie com.apple.usbmuxd[57835]: MuxNetworkInitiateConnect Client 0x1003b8f80-usbmuxd/NULL requesting attach to ae49feaeec383221a3669aa2ef40635b9f9866c1:62078 failed, could not begin background connection attempt: -1
Feb 10 00:37:10 lofie com.apple.usbmuxd[57835]: HandleUSBMuxConnect Client 0x1003b8f80-usbmuxd/NULL MuxNetworkInitiateConnect failed
Feb 10 00:37:10 lofie usbmuxd[57835]: AMDeviceConnect (thread 0x100598000): Could not connect to lockdown port (62078) on device 199 - ae49feaeec383221a3669aa2ef40635b9f9866c1: 0xe800006b.
Feb 10 00:37:10 lofie usbmuxd[57835]: _AMDevicePreflightWorker (thread 0x100598000): Pair worker could not connect to lockdownd on device 199: 0xe800006b.
Feb 10 00:37:10 lofie com.apple.usbmuxd[57835]: HandleDeviceAttachHelperCallback preflighting failed for WiFi device 0xc7-10.0.1.5:0: 0xe800006b. Ignoring device.
Feb 10 00:37:29 lofie com.apple.usbmuxd[57835]: _SendDetachNotification (thread 0x7fff7088fcc0): sending detach for device 60:fa:cd:6b:48:28@fe80::62fa:cdff:fe6b:4828._apple-mobdev._tcp.local.: _BrowseReplyReceivedCallback got bonjour removal.
Feb 10 00:41:06 lofie com.apple.usbmuxd[57835]: _SendAttachNotification (thread 0x7fff7088fcc0): sending attach for device 60:fa:cd:6b:48:28@fe80::62fa:cdff:fe6b:4828._apple-mobdev._tcp.local.: _GetAddrInfoReplyReceivedCallback matched.
Feb 10 00:41:06 lofie com.apple.usbmuxd[57835]: MuxNetworkInitiateConnect Client 0x1024d5020-usbmuxd/NULL requesting attach to ae49feaeec383221a3669aa2ef40635b9f9866c1:62078 failed, could not begin background connection attempt: -1
Feb 10 00:41:06 lofie com.apple.usbmuxd[57835]: HandleUSBMuxConnect Client 0x1024d5020-usbmuxd/NULL MuxNetworkInitiateConnect failed
Feb 10 00:41:06 lofie usbmuxd[57835]: AMDeviceConnect (thread 0x100598000): Could not connect to lockdown port (62078) on device 200 - ae49feaeec383221a3669aa2ef40635b9f9866c1: 0xe800006b.
Feb 10 00:41:06 lofie usbmuxd[57835]: _AMDevicePreflightWorker (thread 0x100598000): Pair worker could not connect to lockdownd on device 200: 0xe800006b.
Feb 10 00:41:06 lofie com.apple.usbmuxd[57835]: HandleDeviceAttachHelperCallback preflighting failed for WiFi device 0xc8-10.0.1.5:0: 0xe800006b. Ignoring device.
Feb 10 00:41:28 lofie com.apple.usbmuxd[57835]: _SendDetachNotification (thread 0x7fff7088fcc0): sending detach for device 60:fa:cd:6b:48:28@fe80::62fa:cdff:fe6b:4828._apple-mobdev._tcp.local.: _BrowseReplyReceivedCallback got bonjour removal.
Feb 10 00:41:36 lofie com.apple.usbmuxd[57835]: _SendAttachNotification (thread 0x7fff7088fcc0): sending attach for device 60:fa:cd:6b:48:28@fe80::62fa:cdff:fe6b:4828._apple-mobdev._tcp.local.: _GetAddrInfoReplyReceivedCallback matched.
Feb 10 00:41:36 lofie com.apple.usbmuxd[57835]: MuxNetworkInitiateConnect Client 0x1024d5020-usbmuxd/NULL requesting attach to ae49feaeec383221a3669aa2ef40635b9f9866c1:62078 failed, could not begin background connection attempt: -1
Feb 10 00:41:36 lofie com.apple.usbmuxd[57835]: HandleUSBMuxConnect Client 0x1024d5020-usbmuxd/NULL MuxNetworkInitiateConnect failed
Feb 10 00:41:36 lofie usbmuxd[57835]: AMDeviceConnect (thread 0x100598000): Could not connect to lockdown port (62078) on device 201 - ae49feaeec383221a3669aa2ef40635b9f9866c1: 0xe800006b.
Feb 10 00:41:36 lofie usbmuxd[57835]: _AMDevicePreflightWorker (thread 0x100598000): Pair worker could not connect to lockdownd on device 201: 0xe800006b.
Feb 10 00:41:36 lofie com.apple.usbmuxd[57835]: HandleDeviceAttachHelperCallback preflighting failed for WiFi device 0xc9-10.0.1.5:0: 0xe800006b. Ignoring device.
Feb 10 00:41:55 lofie com.apple.usbmuxd[57835]: _SendDetachNotification (thread 0x7fff7088fcc0): sending detach for device 60:fa:cd:6b:48:28@fe80::62fa:cdff:fe6b:4828._apple-mobdev._tcp.local.: _BrowseReplyReceivedCallback got bonjour removal.
Feb 10 00:42:08 lofie com.apple.usbmuxd[57835]: _SendAttachNotification (thread 0x7fff7088fcc0): sending attach for device 60:fa:cd:6b:48:28@fe80::62fa:cdff:fe6b:4828._apple-mobdev._tcp.local.: _GetAddrInfoReplyReceivedCallback matched.
Feb 10 00:42:08 lofie com.apple.usbmuxd[57835]: MuxNetworkInitiateConnect Client 0x1024c7e70-usbmuxd/NULL requesting attach to ae49feaeec383221a3669aa2ef40635b9f9866c1:62078 failed, could not begin background connection attempt: -1
Feb 10 00:42:08 lofie com.apple.usbmuxd[57835]: HandleUSBMuxConnect Client 0x1024c7e70-usbmuxd/NULL MuxNetworkInitiateConnect failed
Feb 10 00:42:08 lofie usbmuxd[57835]: AMDeviceConnect (thread 0x100598000): Could not connect to lockdown port (62078) on device 202 - ae49feaeec383221a3669aa2ef40635b9f9866c1: 0xe800006b.
Feb 10 00:42:08 lofie usbmuxd[57835]: _AMDevicePreflightWorker (thread 0x100598000): Pair worker could not connect to lockdownd on device 202: 0xe800006b.
Feb 10 00:42:08 lofie com.apple.usbmuxd[57835]: HandleDeviceAttachHelperCallback preflighting failed for WiFi device 0xca-10.0.1.5:0: 0xe800006b. Ignoring device.
Feb 10 00:42:27 lofie com.apple.usbmuxd[57835]: _SendDetachNotification (thread 0x7fff7088fcc0): sending detach for device 60:fa:cd:6b:48:28@fe80::62fa:cdff:fe6b:4828._apple-mobdev._tcp.local.: _BrowseReplyReceivedCallback got bonjour removal.
Feb 10 00:42:40 lofie com.apple.usbmuxd[57835]: _SendAttachNotification (thread 0x7fff7088fcc0): sending attach for device 60:fa:cd:6b:48:28@fe80::62fa:cdff:fe6b:4828._apple-mobdev._tcp.local.: _GetAddrInfoReplyReceivedCallback matched.
Feb 10 00:42:40 lofie com.apple.usbmuxd[57835]: MuxNetworkInitiateConnect Client 0x1003cc640-usbmuxd/NULL requesting attach to ae49feaeec383221a3669aa2ef40635b9f9866c1:62078 failed, could not begin background connection attempt: -1
Feb 10 00:42:40 lofie com.apple.usbmuxd[57835]: HandleUSBMuxConnect Client 0x1003cc640-usbmuxd/NULL MuxNetworkInitiateConnect failed
Feb 10 00:42:40 lofie usbmuxd[57835]: AMDeviceConnect (thread 0x100598000): Could not connect to lockdown port (62078) on device 203 - ae49feaeec383221a3669aa2ef40635b9f9866c1: 0xe800006b.
Feb 10 00:42:40 lofie usbmuxd[57835]: _AMDevicePreflightWorker (thread 0x100598000): Pair worker could not connect to lockdownd on device 203: 0xe800006b.
Feb 10 00:42:40 lofie com.apple.usbmuxd[57835]: HandleDeviceAttachHelperCallback preflighting failed for WiFi device 0xcb-10.0.1.5:0: 0xe800006b. Ignoring device.
Feb 10 00:42:47 lofie [0x0-0x1ee2ee1].backupd-helper[66858]: Not starting Time Machine backup after wake - failed to resolve alias to backup volume
Feb 10 00:43:00 lofie com.apple.usbmuxd[57835]: _SendDetachNotification (thread 0x7fff7088fcc0): sending detach for device 60:fa:cd:6b:48:28@fe80::62fa:cdff:fe6b:4828._apple-mobdev._tcp.local.: _BrowseReplyReceivedCallback got bonjour removal.
Feb 10 00:43:12 lofie com.apple.usbmuxd[57835]: _SendAttachNotification (thread 0x7fff7088fcc0): sending attach for device 60:fa:cd:6b:48:28@fe80::62fa:cdff:fe6b:4828._apple-mobdev._tcp.local.: _GetAddrInfoReplyReceivedCallback matched.
Feb 10 00:43:12 lofie com.apple.usbmuxd[57835]: MuxNetworkInitiateConnect Client 0x1024d5020-usbmuxd/NULL requesting attach to ae49feaeec383221a3669aa2ef40635b9f9866c1:62078 failed, could not begin background connection attempt: -1
Feb 10 00:43:12 lofie com.apple.usbmuxd[57835]: HandleUSBMuxConnect Client 0x1024d5020-usbmuxd/NULL MuxNetworkInitiateConnect failed
Feb 10 00:43:12 lofie usbmuxd[57835]: AMDeviceConnect (thread 0x100598000): Could not connect to lockdown port (62078) on device 204 - ae49feaeec383221a3669aa2ef40635b9f9866c1: 0xe800006b.
Feb 10 00:43:12 lofie usbmuxd[57835]: _AMDevicePreflightWorker (thread 0x100598000): Pair worker could not connect to lockdownd on device 204: 0xe800006b.
Feb 10 00:43:12 lofie com.apple.usbmuxd[57835]: HandleDeviceAttachHelperCallback preflighting failed for WiFi device 0xcc-10.0.1.5:0: 0xe800006b. Ignoring device.
Feb 10 00:43:31 lofie com.apple.usbmuxd[57835]: _SendDetachNotification (thread 0x7fff7088fcc0): sending detach for device 60:fa:cd:6b:48:28@fe80::62fa:cdff:fe6b:4828._apple-mobdev._tcp.local.: _BrowseReplyReceivedCallback got bonjour removal.
Feb 10 00:43:44 lofie com.apple.usbmuxd[57835]: _SendAttachNotification (thread 0x7fff7088fcc0): sending attach for device 60:fa:cd:6b:48:28@fe80::62fa:cdff:fe6b:4828._apple-mobdev._tcp.local.: _GetAddrInfoReplyReceivedCallback matched.
Feb 10 00:43:44 lofie com.apple.usbmuxd[57835]: MuxNetworkInitiateConnect Client 0x1024c7e70-usbmuxd/NULL requesting attach to ae49feaeec383221a3669aa2ef40635b9f9866c1:62078 failed, could not begin background connection attempt: -1
Feb 10 00:43:44 lofie com.apple.usbmuxd[57835]: HandleUSBMuxConnect Client 0x1024c7e70-usbmuxd/NULL MuxNetworkInitiateConnect failed
Feb 10 00:43:44 lofie usbmuxd[57835]: AMDeviceConnect (thread 0x100598000): Could not connect to lockdown port (62078) on device 205 - ae49feaeec383221a3669aa2ef40635b9f9866c1: 0xe800006b.
Feb 10 00:43:44 lofie usbmuxd[57835]: _AMDevicePreflightWorker (thread 0x100598000): Pair worker could not connect to lockdownd on device 205: 0xe800006b.
Feb 10 00:43:44 lofie com.apple.usbmuxd[57835]: HandleDeviceAttachHelperCallback preflighting failed for WiFi device 0xcd-10.0.1.5:0: 0xe800006b. Ignoring device.
Feb 10 00:44:03 lofie com.apple.usbmuxd[57835]: _SendDetachNotification (thread 0x7fff7088fcc0): sending detach for device 60:fa:cd:6b:48:28@fe80::62fa:cdff:fe6b:4828._apple-mobdev._tcp.local.: _BrowseReplyReceivedCallback got bonjour removal.
Feb 10 00:44:11 lofie com.apple.usbmuxd[57835]: _SendAttachNotification (thread 0x7fff7088fcc0): sending attach for device 60:fa:cd:6b:48:28@fe80::62fa:cdff:fe6b:4828._apple-mobdev._tcp.local.: _GetAddrInfoReplyReceivedCallback matched.
Feb 10 00:44:11 lofie com.apple.usbmuxd[57835]: MuxNetworkInitiateConnect Client 0x1024d5020-usbmuxd/NULL requesting attach to ae49feaeec383221a3669aa2ef40635b9f9866c1:62078 failed, could not begin background connection attempt: -1
Feb 10 00:44:11 lofie com.apple.usbmuxd[57835]: HandleUSBMuxConnect Client 0x1024d5020-usbmuxd/NULL MuxNetworkInitiateConnect failed
Feb 10 00:44:11 lofie usbmuxd[57835]: AMDeviceConnect (thread 0x100598000): Could not connect to lockdown port (62078) on device 206 - ae49feaeec383221a3669aa2ef40635b9f9866c1: 0xe800006b.
Feb 10 00:44:11 lofie usbmuxd[57835]: _AMDevicePreflightWorker (thread 0x100598000): Pair worker could not connect to lockdownd on device 206: 0xe800006b.
Feb 10 00:44:11 lofie com.apple.usbmuxd[57835]: HandleDeviceAttachHelperCallback preflighting failed for WiFi device 0xce-10.0.1.5:0: 0xe800006b. Ignoring device.
Feb 10 00:44:43 lofie com.apple.usbmuxd[57835]: _SendDetachNotification (thread 0x7fff7088fcc0): sending detach for device 60:fa:cd:6b:48:28@fe80::62fa:cdff:fe6b:4828._apple-mobdev._tcp.local.: _BrowseReplyReceivedCallback got bonjour removal.
Feb 10 00:45:14 lofie com.apple.usbmuxd[57835]: _SendAttachNotification (thread 0x7fff7088fcc0): sending attach for device 60:fa:cd:6b:48:28@fe80::62fa:cdff:fe6b:4828._apple-mobdev._tcp.local.: _GetAddrInfoReplyReceivedCallback matched.
Feb 10 00:45:14 lofie com.apple.usbmuxd[57835]: MuxNetworkInitiateConnect Client 0x1024c7e70-usbmuxd/NULL requesting attach to ae49feaeec383221a3669aa2ef40635b9f9866c1:62078 failed, could not begin background connection attempt: -1
Feb 10 00:45:14 lofie com.apple.usbmuxd[57835]: HandleUSBMuxConnect Client 0x1024c7e70-usbmuxd/NULL MuxNetworkInitiateConnect failed
Feb 10 00:45:14 lofie usbmuxd[57835]: AMDeviceConnect (thread 0x100598000): Could not connect to lockdown port (62078) on device 207 - ae49feaeec383221a3669aa2ef40635b9f9866c1: 0xe800006b.
Feb 10 00:45:14 lofie usbmuxd[57835]: _AMDevicePreflightWorker (thread 0x100598000): Pair worker could not connect to lockdownd on device 207: 0xe800006b.
Feb 10 00:45:14 lofie com.apple.usbmuxd[57835]: HandleDeviceAttachHelperCallback preflighting failed for WiFi device 0xcf-10.0.1.5:0: 0xe800006b. Ignoring device.
Feb 10 00:48:22 lofie mDNSResponder[33]: mDNSPlatformSendUDP sendto(8) failed to send packet on InterfaceID 0000000000000007 vmnet1/4 to 224.0.0.251:5353 skt 8 error -1 errno 13 (Permission denied) 7867055642762934150
Feb 10 00:48:22 lofie mDNSResponder[33]: mDNSPlatformSendUDP sendto(8) failed to send packet on InterfaceID 0000000000000008 vmnet8/4 to 224.0.0.251:5353 skt 8 error -1 errno 13 (Permission denied) 7867055642762934150
Feb 10 00:48:22 lofie mDNSResponder[33]: mDNSPlatformSendUDP sendto(8) failed to send packet on InterfaceID 0000000000000006   en1/4 to 224.0.0.251:5353 skt 8 error -1 errno 13 (Permission denied) 7867055642762934150
Feb 10 00:53:52 lofie mDNSResponder[33]: mDNSPlatformSendUDP sendto(8) failed to send packet on InterfaceID 0000000000000006   en1/4 to 224.0.0.251:5353 skt 8 error -1 errno 13 (Permission denied) 7867055642763264881
Feb 10 00:58:11 lofie mDNSResponder[33]: mDNSPlatformSendUDP sendto(8) failed to send packet on InterfaceID 0000000000000006   en1/4 to 224.0.0.251:5353 skt 8 error -1 errno 13 (Permission denied) 7867055642763523442
Feb 10 01:01:27 lofie mDNSResponder[33]: mDNSPlatformSendUDP sendto(8) failed to send packet on InterfaceID 0000000000000006   en1/4 to 224.0.0.251:5353 skt 8 error -1 errno 13 (Permission denied) 7867055642763719425
Feb 10 01:05:39 lofie configd[13]: PowerManagement configd: System Sleep prevented by active remote login session (300 second threshold).
Feb 10 01:05:39 lofie configd[13]: PowerManagement configd: tty sleep preventer: /dev/ttys001
Feb 10 01:06:38 lofie configd[13]: DHCP en1: RENEW/REBIND transmit failed
Feb 10 01:14:18 lofie mDNSResponder[33]: mDNSPlatformSendUDP sendto(8) failed to send packet on InterfaceID 0000000000000006   en1/4 to 224.0.0.251:5353 skt 8 error -1 errno 13 (Permission denied) 7867055642764490852
Feb 10 01:14:18 lofie mDNSResponder[33]: mDNSPlatformSendUDP sendto(8) failed to send packet on InterfaceID 0000000000000006   en1/4 to 224.0.0.251:5353 skt 8 error -1 errno 13 (Permission denied) 8442460361
Feb 10 01:16:16 lofie loginwindow[57781]: loginwindow SleepWakeCallback WILL sleep
Feb 10 01:16:16 lofie com.apple.usbmuxd[57835]: _SendDetachNotification (thread 0x7fff7088fcc0): sending detach for device 60:fa:cd:6b:48:28@fe80::62fa:cdff:fe6b:4828._apple-mobdev._tcp.local.: _BrowseReplyReceivedCallback got bonjour removal.
Feb 10 01:16:17 lofie configd[13]: PMConnection IPConfiguration com.apple.powermanagement.applicationresponse.slowresponse 1144 ms
Feb 10 12:50:43 lofie loginwindow[57781]: loginwindow SleepWakeCallback will power on, Currenttime:2/10/2012 12:50:43.008 PM - Waketime:2/10/2012 12:50:41.530 PM = Deltatime:1.478375912
Feb 10 12:50:43 lofie configd[13]: PMConnection IPConfiguration com.apple.powermanagement.applicationresponse.slowresponse 102 ms
Feb 10 12:50:43 lofie configd[13]: network configuration changed.
Feb 10 12:50:43 lofie vmnet-bridge[129]: Dynamic store changed
Feb 10 12:50:43 lofie vmnet-bridge[129]: Failed to read SCproperties for key: State:/Network/Global/IPv4
Feb 10 12:50:43 lofie vmnet-bridge[129]: Stopping bridge for: en1
Feb 10 12:50:43 lofie mDNSResponder[33]: mDNSPlatformSendUDP sendto(8) failed to send packet on InterfaceID 0000000000000007 vmnet1/4 to 224.0.0.251:5353 skt 8 error -1 errno 13 (Permission denied) 8442591109
Feb 10 12:50:43 lofie mDNSResponder[33]: mDNSPlatformSendUDP sendto(8) failed to send packet on InterfaceID 0000000000000008 vmnet8/4 to 224.0.0.251:5353 skt 8 error -1 errno 13 (Permission denied) 8442591109
Feb 10 12:50:43 lofie mDNSResponder[33]: mDNSPlatformSendUDP sendto(8) failed to send packet on InterfaceID 0000000000000007 vmnet1/4 to 224.0.0.251:5353 skt 8 error -1 errno 13 (Permission denied) 8442591592
Feb 10 12:50:43 lofie mDNSResponder[33]: mDNSPlatformSendUDP sendto(8) failed to send packet on InterfaceID 0000000000000008 vmnet8/4 to 224.0.0.251:5353 skt 8 error -1 errno 13 (Permission denied) 8442591592
Feb 10 12:50:43 lofie mDNSResponder[33]: mDNSPlatformSendUDP sendto(8) failed to send packet on InterfaceID 0000000000000007 vmnet1/4 to 224.0.0.251:5353 skt 8 error -1 errno 13 (Permission denied) 8442591842
Feb 10 12:50:43 lofie mDNSResponder[33]: mDNSPlatformSendUDP sendto(8) failed to send packet on InterfaceID 0000000000000008 vmnet8/4 to 224.0.0.251:5353 skt 8 error -1 errno 13 (Permission denied) 8442591842
Feb 10 12:50:44 lofie mDNSResponder[33]: mDNSPlatformSendUDP sendto(8) failed to send packet on InterfaceID 0000000000000007 vmnet1/4 to 224.0.0.251:5353 skt 8 error -1 errno 13 (Permission denied) 8442592093
Feb 10 12:50:44 lofie mDNSResponder[33]: mDNSPlatformSendUDP sendto(8) failed to send packet on InterfaceID 0000000000000008 vmnet8/4 to 224.0.0.251:5353 skt 8 error -1 errno 13 (Permission denied) 8442592093
Feb 10 12:50:44 lofie mDNSResponder[33]: mDNSPlatformSendUDP sendto(8) failed to send packet on InterfaceID 0000000000000007 vmnet1/4 to 224.0.0.251:5353 skt 8 error -1 errno 13 (Permission denied) 8442592193
Feb 10 12:50:44 lofie mDNSResponder[33]: mDNSPlatformSendUDP sendto(8) failed to send packet on InterfaceID 0000000000000008 vmnet8/4 to 224.0.0.251:5353 skt 8 error -1 errno 13 (Permission denied) 8442592193
Feb 10 12:50:44 lofie mDNSResponder[33]: mDNSPlatformSendUDP sendto(8) failed to send packet on InterfaceID 0000000000000007 vmnet1/4 to 224.0.0.251:5353 skt 8 error -1 errno 13 (Permission denied) 8442592344
Feb 10 12:50:44 lofie mDNSResponder[33]: mDNSPlatformSendUDP sendto(8) failed to send packet on InterfaceID 0000000000000008 vmnet8/4 to 224.0.0.251:5353 skt 8 error -1 errno 13 (Permission denied) 8442592344
Feb 10 12:50:45 lofie mDNSResponder[33]: mDNSPlatformSendUDP sendto(8) failed to send packet on InterfaceID 0000000000000007 vmnet1/4 to 224.0.0.251:5353 skt 8 error -1 errno 13 (Permission denied) 8442592875
Feb 10 12:50:45 lofie mDNSResponder[33]: mDNSPlatformSendUDP sendto(8) failed to send packet on InterfaceID 0000000000000008 vmnet8/4 to 224.0.0.251:5353 skt 8 error -1 errno 13 (Permission denied) 8442592875
Feb 10 12:50:45 lofie configd[13]: Sleep: Success - BATT 98 - Idle Sleep
Feb 10 12:50:45 lofie configd[13]: Wake: Success - BATT 98 - EC LID0
Feb 10 12:50:45 lofie configd[13]: Hibernate Statistics
Feb 10 12:50:45 lofie configd[13]: Kernel configd com.apple.powermanagement.applicationresponse.cancelled
Feb 10 12:50:45 lofie fitbitd[50]: The system has powered on. Simulating connect for basestation "/dev/cu.Fitbit".
Feb 10 12:50:45 lofie configd[13]: Kernel Google Chrome com.apple.powermanagement.applicationresponse.timedout 30000 ms
Feb 10 12:50:45 lofie com.fitbit.fitbitd[50]: Fri Feb 10 12:50:45 lofie.local fitbitd[50] <Notice>: The system has powered on. Simulating connect for basestation "/dev/cu.Fitbit".
Feb 10 12:50:45 lofie com.fitbit.fitbitd[50]: Fri Feb 10 12:50:45 lofie.local MacUserInterface[50] <Debug>: Processing action 'basestationconnect'...
Feb 10 12:50:45 lofie configd[13]: Kernel Google Chrome He com.apple.powermanagement.applicationresponse.timedout 30000 ms
Feb 10 12:50:45: --- last message repeated 3 times ---
Feb 10 12:50:45 lofie com.fitbit.fitbitd[50]: Fri Feb 10 12:50:45 lofie.local MacUserInterface[50] <Info>: Base station with serial '/dev/cu.Fitbit' has been plugged in.
Feb 10 12:50:45 lofie configd[13]: Kernel Google Chrome He com.apple.powermanagement.applicationresponse.timedout 30000 ms
Feb 10 12:50:45: --- last message repeated 4 times ---
Feb 10 12:50:45 lofie mDNSResponder[33]: mDNSPlatformSendUDP sendto(8) failed to send packet on InterfaceID 0000000000000007 vmnet1/4 to 224.0.0.251:5353 skt 8 error -1 errno 13 (Permission denied) 8442593344
Feb 10 12:50:45 lofie mDNSResponder[33]: mDNSPlatformSendUDP sendto(8) failed to send packet on InterfaceID 0000000000000008 vmnet8/4 to 224.0.0.251:5353 skt 8 error -1 errno 13 (Permission denied) 8442593344
Feb 10 12:50:46 lofie mDNSResponder[33]: mDNSPlatformSendUDP sendto(8) failed to send packet on InterfaceID 0000000000000007 vmnet1/4 to 224.0.0.251:5353 skt 8 error -1 errno 13 (Permission denied) 8442593877
Feb 10 12:50:46 lofie mDNSResponder[33]: mDNSPlatformSendUDP sendto(8) failed to send packet on InterfaceID 0000000000000008 vmnet8/4 to 224.0.0.251:5353 skt 8 error -1 errno 13 (Permission denied) 8442593877
Feb 10 12:50:46 lofie eapolclient[66975]: en1 START
Feb 10 12:50:46 lofie mDNSResponder[33]: mDNSPlatformSendUDP sendto(8) failed to send packet on InterfaceID 0000000000000007 vmnet1/4 to 224.0.0.251:5353 skt 8 error -1 errno 13 (Permission denied) 8442594277
Feb 10 12:50:46 lofie mDNSResponder[33]: mDNSPlatformSendUDP sendto(8) failed to send packet on InterfaceID 0000000000000008 vmnet8/4 to 224.0.0.251:5353 skt 8 error -1 errno 13 (Permission denied) 8442594277
Feb 10 12:50:46 lofie eapolclient[66975]: eapmschapv2_success_request: successfully authenticated
Feb 10 12:50:46 lofie eapolclient[66975]: PEAP: successfully authenticated
Feb 10 12:50:46 lofie com.fitbit.fitbitd[50]: Fri Feb 10 12:50:46 lofie.local MacUserInterface[50] <Info>: Starting session in standard mode...
Feb 10 12:50:46 lofie com.fitbit.fitbitd[50]: Fri Feb 10 12:50:46 lofie.local MacUserInterface[50] <Info>: Ending active session and restarting in standard mode...
Feb 10 12:50:46 lofie com.fitbit.fitbitd[50]: Fri Feb 10 12:50:46 lofie.local MacUserInterface[50] <Debug>: [CTX] StartSession: setting restarting context 0
Feb 10 12:50:46 lofie com.fitbit.fitbitd[50]: Fri Feb 10 12:50:46 lofie.local MacUserInterface[50] <Info>: Ending session...
Feb 10 12:50:46 lofie com.fitbit.fitbitd[50]: Fri Feb 10 12:50:46 lofie.local MacUserInterface[50] <Debug>: [CTX] ResetSession: setting context 0
Feb 10 12:50:46 lofie com.fitbit.fitbitd[50]: Fri Feb 10 12:50:46 lofie.local MacUserInterface[50] <Info>: Reset channel.
Feb 10 12:50:46 lofie com.fitbit.fitbitd[50]: Fri Feb 10 12:50:46 lofie.local MacUserInterface[50] <Info>: Closed channel.
Feb 10 12:50:46 lofie com.fitbit.fitbitd[50]: Fri Feb 10 12:50:46 lofie.local MacUserInterface[50] <Debug>: Pending acks: 0
Feb 10 12:50:46 lofie com.fitbit.fitbitd[50]: Fri Feb 10 12:50:46 lofie.local MacUserInterface[50] <Info>: Reset channel.
Feb 10 12:50:46 lofie com.fitbit.fitbitd[50]: Fri Feb 10 12:50:46 lofie.local MacUserInterface[50] <Info>: Starting session in standard mode...
Feb 10 12:50:46 lofie com.fitbit.fitbitd[50]: Fri Feb 10 12:50:46 lofie.local MacUserInterface[50] <Debug>: [CTX] ResetSession: setting context 0
Feb 10 12:50:46 lofie com.fitbit.fitbitd[50]: Fri Feb 10 12:50:46 lofie.local MacUserInterface[50] <Debug>: [CTX] StartSession: setting context 0
Feb 10 12:50:46 lofie com.fitbit.fitbitd[50]: Fri Feb 10 12:50:46 lofie.local MacUserInterface[50] <Info>: Processing request...
Feb 10 12:50:46 lofie MacUserInterface[50]: Failed to find device
Feb 10 12:50:46 lofie MacUserInterface[50]: Failed to initialize communication [VID: 0x10c4, PID: 0x84c4]. Is the base station plugged in?
Feb 10 12:50:46 lofie com.fitbit.fitbitd[50]: Fri Feb 10 12:50:46 lofie.local MacUserInterface[50] <Info>: Initializing [baud: 50000, device: 255]... 
Feb 10 12:50:46 lofie com.fitbit.fitbitd[50]: Fri Feb 10 12:50:46 lofie.local MacUserInterface[50] <Critical>: Failed to find device
Feb 10 12:50:46 lofie com.fitbit.fitbitd[50]: Fri Feb 10 12:50:46 lofie.local MacUserInterface[50] <Critical>: Failed to initialize communication [VID: 0x10c4, PID: 0x84c4]. Is the base station plugged in?
Feb 10 12:50:46 lofie vmnet-bridge[129]: Preferences changed called
Feb 10 12:50:47: --- last message repeated 1 time ---
Feb 10 12:50:47 lofie mDNSResponder[33]: mDNSPlatformSendUDP sendto(8) failed to send packet on InterfaceID 0000000000000007 vmnet1/4 to 224.0.0.251:5353 skt 8 error -1 errno 13 (Permission denied) 8442595377
Feb 10 12:50:47 lofie mDNSResponder[33]: mDNSPlatformSendUDP sendto(8) failed to send packet on InterfaceID 0000000000000008 vmnet8/4 to 224.0.0.251:5353 skt 8 error -1 errno 13 (Permission denied) 8442595377
Feb 10 12:50:47 lofie mDNSResponder[33]: mDNSPlatformSendUDP sendto(8) failed to send packet on InterfaceID 0000000000000007 vmnet1/4 to 224.0.0.251:5353 skt 8 error -1 errno 13 (Permission denied) 8442595377
Feb 10 12:50:47 lofie mDNSResponder[33]: mDNSPlatformSendUDP sendto(8) failed to send packet on InterfaceID 0000000000000008 vmnet8/4 to 224.0.0.251:5353 skt 8 error -1 errno 13 (Permission denied) 8442595377
Feb 10 12:50:49 lofie mDNSResponder[33]: mDNSPlatformSendUDP sendto(8) failed to send packet on InterfaceID 0000000000000007 vmnet1/4 to 224.0.0.251:5353 skt 8 error -1 errno 13 (Permission denied) 8442597300
Feb 10 12:50:49 lofie mDNSResponder[33]: mDNSPlatformSendUDP sendto(8) failed to send packet on InterfaceID 0000000000000008 vmnet8/4 to 224.0.0.251:5353 skt 8 error -1 errno 13 (Permission denied) 8442597300
Feb 10 12:50:50 lofie mDNSResponder[33]: mDNSPlatformSendUDP sendto(8) failed to send packet on InterfaceID 0000000000000007 vmnet1/4 to 224.0.0.251:5353 skt 8 error -1 errno 13 (Permission denied) 8442597977
Feb 10 12:50:50 lofie mDNSResponder[33]: mDNSPlatformSendUDP sendto(8) failed to send packet on InterfaceID 0000000000000008 vmnet8/4 to 224.0.0.251:5353 skt 8 error -1 errno 13 (Permission denied) 8442597977
Feb 10 12:50:50 lofie mDNSResponder[33]: mDNSPlatformSendUDP sendto(8) failed to send packet on InterfaceID 0000000000000007 vmnet1/4 to 224.0.0.251:5353 skt 8 error -1 errno 13 (Permission denied) 8442598302
Feb 10 12:50:50 lofie mDNSResponder[33]: mDNSPlatformSendUDP sendto(8) failed to send packet on InterfaceID 0000000000000008 vmnet8/4 to 224.0.0.251:5353 skt 8 error -1 errno 13 (Permission denied) 8442598302
Feb 10 12:50:53 lofie mDNSResponder[33]: mDNSPlatformSendUDP sendto(8) failed to send packet on InterfaceID 0000000000000007 vmnet1/4 to 224.0.0.251:5353 skt 8 error -1 errno 13 (Permission denied) 8442601308
Feb 10 12:50:53 lofie mDNSResponder[33]: mDNSPlatformSendUDP sendto(8) failed to send packet on InterfaceID 0000000000000008 vmnet8/4 to 224.0.0.251:5353 skt 8 error -1 errno 13 (Permission denied) 8442601308
Feb 10 12:50:58 lofie mDNSResponder[33]: mDNSPlatformSendUDP sendto(8) failed to send packet on InterfaceID 0000000000000007 vmnet1/4 to 224.0.0.251:5353 skt 8 error -1 errno 13 (Permission denied) 8442605977
Feb 10 12:50:58 lofie mDNSResponder[33]: mDNSPlatformSendUDP sendto(8) failed to send packet on InterfaceID 0000000000000008 vmnet8/4 to 224.0.0.251:5353 skt 8 error -1 errno 13 (Permission denied) 8442605977
Feb 10 12:51:02 lofie mDNSResponder[33]: mDNSPlatformSendUDP sendto(8) failed to send packet on InterfaceID 0000000000000007 vmnet1/4 to 224.0.0.251:5353 skt 8 error -1 errno 13 (Permission denied) 8442610326
Feb 10 12:51:02 lofie mDNSResponder[33]: mDNSPlatformSendUDP sendto(8) failed to send packet on InterfaceID 0000000000000008 vmnet8/4 to 224.0.0.251:5353 skt 8 error -1 errno 13 (Permission denied) 8442610326
Feb 10 12:51:05 lofie configd[13]: network configuration changed.
Feb 10 12:51:05 lofie vmnet-bridge[129]: Dynamic store changed
Feb 10 12:51:05 lofie vmnet-bridge[129]: Started bridge for 0, en1
Feb 10 12:51:05 lofie mDNSResponder[33]: mDNSPlatformSendUDP sendto(8) failed to send packet on InterfaceID 0000000000000007 vmnet1/4 to 224.0.0.251:5353 skt 8 error -1 errno 13 (Permission denied) 8442613266
Feb 10 12:51:05 lofie mDNSResponder[33]: mDNSPlatformSendUDP sendto(8) failed to send packet on InterfaceID 0000000000000008 vmnet8/4 to 224.0.0.251:5353 skt 8 error -1 errno 13 (Permission denied) 8442613266
Feb 10 12:51:05 lofie mDNSResponder[33]: mDNSPlatformSendUDP sendto(8) failed to send packet on InterfaceID 0000000000000006   en1/4 to 224.0.0.251:5353 skt 8 error -1 errno 13 (Permission denied) 8442613266
Feb 10 12:51:05 lofie mDNSResponder[33]: mDNSPlatformSendUDP sendto(8) failed to send packet on InterfaceID 0000000000000006   en1/4 to 224.0.0.251:5353 skt 8 error -1 errno 13 (Permission denied) 8442613544
Feb 10 12:51:05 lofie mDNSResponder[33]: mDNSPlatformSendUDP sendto(8) failed to send packet on InterfaceID 0000000000000006   en1/4 to 224.0.0.251:5353 skt 8 error -1 errno 13 (Permission denied) 8442613794
Feb 10 12:51:06 lofie mDNSResponder[33]: mDNSPlatformSendUDP sendto(8) failed to send packet on InterfaceID 0000000000000006   en1/4 to 224.0.0.251:5353 skt 8 error -1 errno 13 (Permission denied) 8442614044
Feb 10 12:51:06 lofie mDNSResponder[33]: mDNSPlatformSendUDP sendto(8) failed to send packet on InterfaceID 0000000000000007 vmnet1/4 to 224.0.0.251:5353 skt 8 error -1 errno 13 (Permission denied) 8442614268
Feb 10 12:51:06 lofie mDNSResponder[33]: mDNSPlatformSendUDP sendto(8) failed to send packet on InterfaceID 0000000000000008 vmnet8/4 to 224.0.0.251:5353 skt 8 error -1 errno 13 (Permission denied) 8442614268
Feb 10 12:51:06 lofie mDNSResponder[33]: mDNSPlatformSendUDP sendto(8) failed to send packet on InterfaceID 0000000000000006   en1/4 to 224.0.0.251:5353 skt 8 error -1 errno 13 (Permission denied) 8442614268
Feb 10 12:51:06 lofie mDNSResponder[33]: mDNSPlatformSendUDP sendto(8) failed to send packet on InterfaceID 0000000000000006   en1/4 to 224.0.0.251:5353 skt 8 error -1 errno 13 (Permission denied) 8442614368
Feb 10 12:51:07 lofie mDNSResponder[33]: mDNSPlatformSendUDP sendto(8) failed to send packet on InterfaceID 0000000000000006   en1/4 to 224.0.0.251:5353 skt 8 error -1 errno 13 (Permission denied) 8442615368
Feb 10 12:51:09 lofie mDNSResponder[33]: mDNSPlatformSendUDP sendto(8) failed to send packet on InterfaceID 0000000000000007 vmnet1/4 to 224.0.0.251:5353 skt 8 error -1 errno 13 (Permission denied) 8442617274
Feb 10 12:51:09 lofie mDNSResponder[33]: mDNSPlatformSendUDP sendto(8) failed to send packet on InterfaceID 0000000000000008 vmnet8/4 to 224.0.0.251:5353 skt 8 error -1 errno 13 (Permission denied) 8442617274
Feb 10 12:51:09 lofie mDNSResponder[33]: mDNSPlatformSendUDP sendto(8) failed to send packet on InterfaceID 0000000000000006   en1/4 to 224.0.0.251:5353 skt 8 error -1 errno 13 (Permission denied) 8442617274
